{
    "stage a document": {
        "content": [
            {
                "0": [
                    "review_signoff.md:md5,0662c5a0325d10cdcd542d83dc2d300b"
                ],
                "staged_file": [
                    "review_signoff.md:md5,0662c5a0325d10cdcd542d83dc2d300b"
                ]
            }
        ],
        "timestamp": "2026-09-24T18:13:17.56888175",
        "meta": {
            "nf-test": "0.9.5",
            "nextflow": "25.10.4"
        }
    }
}