{
    "collect report runtime environment - none": {
        "content": [
            "field\tvalue\nProcess\tREPORTENVIRONMENT\nRuntime source process\tQUARTONOTEBOOK\nRuntime backend\tnone\nRuntime reference\tNot configured\nQuarto engine\tknitr\nContainer engine\t<ENGINE>\nPython\t<VERSION>\nPackage version source\tNotebook versions.csv (authoritative)\n",
            "id: 'nf-core-provenancereport-r-runtime-session-info'\ndescription: 'R sessionInfo() collected in a separate process inside the report runtime.'\nsection_name: 'R runtime sessionInfo()'\nplot_type: 'html'\ndata: |\n  <p><strong>Scope:</strong> This describes a separate R process in the report runtime. It does not show packages loaded during notebook execution; use the Software Versions section for those versions.</p>\n  <pre style=\"white-space: pre-wrap; overflow-x: auto; max-height: 32rem;\">\n  <R_SESSION_INFO>\n  </pre>\n"
        ],
        "timestamp": "2026-08-26T20:51:36.422137565",
        "meta": {
            "nf-test": "0.9.5",
            "nextflow": "26.04.0"
        }
    },
    "collect report runtime environment - conda": {
        "content": [
            "field\tvalue\nProcess\tREPORTENVIRONMENT\nRuntime source process\tQUARTONOTEBOOK\nRuntime backend\tconda\nRuntime reference\t<PROJECT_DIR>/modules/local/reportenvironment/tests/assets/environment.yml\nQuarto engine\tknitr\nContainer engine\t<ENGINE>\nPython\t<VERSION>\nPackage version source\tNotebook versions.csv (authoritative)\n",
            "id: 'nf-core-provenancereport-r-runtime-session-info'\ndescription: 'R sessionInfo() collected in a separate process inside the report runtime.'\nsection_name: 'R runtime sessionInfo()'\nplot_type: 'html'\ndata: |\n  <p><strong>Scope:</strong> This describes a separate R process in the report runtime. It does not show packages loaded during notebook execution; use the Software Versions section for those versions.</p>\n  <pre style=\"white-space: pre-wrap; overflow-x: auto; max-height: 32rem;\">\n  <R_SESSION_INFO>\n  </pre>\n"
        ],
        "timestamp": "2026-08-26T20:51:28.491881966",
        "meta": {
            "nf-test": "0.9.5",
            "nextflow": "26.04.0"
        }
    },
    "collect report runtime environment - R-only container": {
        "content": [
            "field\tvalue\nProcess\tREPORTENVIRONMENT\nRuntime source process\tQUARTO_NOTEBOOK\nRuntime backend\tdocker\nRuntime reference\tcommunity.wave.seqera.io/library/r-base_quarto_r-rmarkdown_r-conflicted_pruned:ad3e9e15399e1f89\nQuarto engine\tknitr\nContainer engine\t<ENGINE>\nPython\t<VERSION>\nPackage version source\tQuarto inspection fallback\n",
            "id: 'nf-core-provenancereport-r-runtime-session-info'\ndescription: 'R sessionInfo() collected in a separate process inside the report runtime.'\nsection_name: 'R runtime sessionInfo()'\nplot_type: 'html'\ndata: |\n  <p><strong>Scope:</strong> This describes a separate R process in the report runtime. It does not show packages loaded during notebook execution; use the Software Versions section for those versions.</p>\n  <pre style=\"white-space: pre-wrap; overflow-x: auto; max-height: 32rem;\">\n  <R_SESSION_INFO>\n  </pre>\n"
        ],
        "timestamp": "2026-10-07T15:20:39.308648985",
        "meta": {
            "nf-test": "0.9.5",
            "nextflow": "25.10.4"
        }
    }
}
