{
    "test notebook - stub - [qmd:r]": {
        "content": [
            {
                "0": [
                    [
                        {
                            "id": "test"
                        },
                        "test.html:md5,d41d8cd98f00b204e9800998ecf8427e"
                    ]
                ],
                "1": [
                    [
                        {
                            "id": "test"
                        },
                        "quarto_r.qmd:md5,a6a7392a32a4a2f5637fd8245b936031"
                    ]
                ],
                "2": [
                    [
                        {
                            "id": "test"
                        },
                        "params.yml:md5,d41d8cd98f00b204e9800998ecf8427e"
                    ]
                ],
                "3": [
                    
                ],
                "4": [
                    
                ],
                "5": [
                    [
                        "QUARTO_NOTEBOOK",
                        "singularity",
                        "https://community-cr-prod.seqera.io/docker/registry/v2/blobs/sha256/28/28717ccd9ce22dbfc219f3db088d5a1fc2ca1f575b5c65621218596dcdbaac95/data"
                    ]
                ],
                "6": [
                    [
                        {
                            "id": "test"
                        },
                        "versions.csv:md5,d41d8cd98f00b204e9800998ecf8427e"
                    ]
                ],
                "7": [
                    [
                        "QUARTO_NOTEBOOK",
                        "quarto",
                        "1.7.31"
                    ]
                ],
                "8": [
                    [
                        "QUARTO_NOTEBOOK",
                        "papermill",
                        "2.6.0"
                    ]
                ],
                "artifacts": [
                    
                ],
                "extensions": [
                    
                ],
                "html": [
                    [
                        {
                            "id": "test"
                        },
                        "test.html:md5,d41d8cd98f00b204e9800998ecf8427e"
                    ]
                ],
                "notebook": [
                    [
                        {
                            "id": "test"
                        },
                        "quarto_r.qmd:md5,a6a7392a32a4a2f5637fd8245b936031"
                    ]
                ],
                "notebook_versions": [
                    [
                        {
                            "id": "test"
                        },
                        "versions.csv:md5,d41d8cd98f00b204e9800998ecf8427e"
                    ]
                ],
                "params_yaml": [
                    [
                        {
                            "id": "test"
                        },
                        "params.yml:md5,d41d8cd98f00b204e9800998ecf8427e"
                    ]
                ],
                "runtime_environment": [
                    [
                        "QUARTO_NOTEBOOK",
                        "singularity",
                        "https://community-cr-prod.seqera.io/docker/registry/v2/blobs/sha256/28/28717ccd9ce22dbfc219f3db088d5a1fc2ca1f575b5c65621218596dcdbaac95/data"
                    ]
                ],
                "versions_papermill": [
                    [
                        "QUARTO_NOTEBOOK",
                        "papermill",
                        "2.6.0"
                    ]
                ],
                "versions_quarto": [
                    [
                        "QUARTO_NOTEBOOK",
                        "quarto",
                        "1.7.31"
                    ]
                ]
            }
        ],
        "timestamp": "2026-09-15T14:57:19.310800321",
        "meta": {
            "nf-test": "0.9.4",
            "nextflow": "25.10.4"
        }
    },
    "test notebook - [qmd:r]": {
        "content": [
            {
                "versions_papermill": [
                    [
                        "QUARTO_NOTEBOOK",
                        "papermill",
                        "2.6.0"
                    ]
                ],
                "versions_quarto": [
                    [
                        "QUARTO_NOTEBOOK",
                        "quarto",
                        "1.7.31"
                    ]
                ]
            },
            [
                [
                    {
                        "id": "test"
                    },
                    "artifact.txt:md5,b10a8db164e0754105b7a99be72e3fe5"
                ]
            ],
            [
                [
                    "QUARTO_NOTEBOOK",
                    "singularity",
                    "https://community-cr-prod.seqera.io/docker/registry/v2/blobs/sha256/28/28717ccd9ce22dbfc219f3db088d5a1fc2ca1f575b5c65621218596dcdbaac95/data"
                ]
            ],
            [
                [
                    {
                        "id": "test"
                    },
                    "versions.csv:md5,d72f61e5b874e3e8d92c8a33f5a0d587"
                ]
            ],
            [
                [
                    {
                        "id": "test"
                    },
                    "params.yml:md5,6d2ec3cf3e2f15958ab8ab440d651f8d"
                ]
            ]
        ],
        "timestamp": "2026-09-15T15:00:47.248242428",
        "meta": {
            "nf-test": "0.9.4",
            "nextflow": "25.10.4"
        }
    },
    "test notebook - parametrized - [qmd:python]": {
        "content": [
            {
                "versions_papermill": [
                    [
                        "QUARTO_NOTEBOOK",
                        "papermill",
                        "2.6.0"
                    ]
                ],
                "versions_quarto": [
                    [
                        "QUARTO_NOTEBOOK",
                        "quarto",
                        "1.7.31"
                    ]
                ]
            },
            [
                [
                    {
                        "id": "test"
                    },
                    "artifact.txt:md5,8ddd8be4b179a529afa5f2ffae4b9858"
                ]
            ],
            [
                [
                    "QUARTO_NOTEBOOK",
                    "singularity",
                    "https://community-cr-prod.seqera.io/docker/registry/v2/blobs/sha256/28/28717ccd9ce22dbfc219f3db088d5a1fc2ca1f575b5c65621218596dcdbaac95/data"
                ]
            ],
            [
                [
                    {
                        "id": "test"
                    },
                    "versions.csv:md5,e5d7ddb4d1c9fbdf48dec0c0ace31725"
                ]
            ],
            [
                [
                    {
                        "id": "test"
                    },
                    "params.yml:md5,4fd353560b2c3366515af2cc4d49957d"
                ]
            ]
        ],
        "timestamp": "2026-09-15T15:01:49.074485571",
        "meta": {
            "nf-test": "0.9.4",
            "nextflow": "25.10.4"
        }
    },
    "test notebook - parametrized - [rmd]": {
        "content": [
            {
                "versions_papermill": [
                    [
                        "QUARTO_NOTEBOOK",
                        "papermill",
                        "2.6.0"
                    ]
                ],
                "versions_quarto": [
                    [
                        "QUARTO_NOTEBOOK",
                        "quarto",
                        "1.7.31"
                    ]
                ]
            },
            [
                [
                    {
                        "id": "test"
                    },
                    "artifact.txt:md5,b10a8db164e0754105b7a99be72e3fe5"
                ]
            ],
            [
                [
                    "QUARTO_NOTEBOOK",
                    "singularity",
                    "https://community-cr-prod.seqera.io/docker/registry/v2/blobs/sha256/28/28717ccd9ce22dbfc219f3db088d5a1fc2ca1f575b5c65621218596dcdbaac95/data"
                ]
            ],
            [
                [
                    {
                        "id": "test"
                    },
                    "versions.csv:md5,d72f61e5b874e3e8d92c8a33f5a0d587"
                ]
            ],
            [
                [
                    {
                        "id": "test"
                    },
                    "params.yml:md5,4fd353560b2c3366515af2cc4d49957d"
                ]
            ]
        ],
        "timestamp": "2026-09-15T15:02:09.568888123",
        "meta": {
            "nf-test": "0.9.4",
            "nextflow": "25.10.4"
        }
    },
    "test notebook - parametrized - [ipynb]": {
        "content": [
            {
                "versions_papermill": [
                    [
                        "QUARTO_NOTEBOOK",
                        "papermill",
                        "2.6.0"
                    ]
                ],
                "versions_quarto": [
                    [
                        "QUARTO_NOTEBOOK",
                        "quarto",
                        "1.7.31"
                    ]
                ]
            },
            [
                [
                    {
                        "id": "test"
                    },
                    "artifact.txt:md5,8ddd8be4b179a529afa5f2ffae4b9858"
                ]
            ],
            [
                [
                    "QUARTO_NOTEBOOK",
                    "singularity",
                    "https://community-cr-prod.seqera.io/docker/registry/v2/blobs/sha256/28/28717ccd9ce22dbfc219f3db088d5a1fc2ca1f575b5c65621218596dcdbaac95/data"
                ]
            ],
            [
                [
                    {
                        "id": "test"
                    },
                    "versions.csv:md5,e5d7ddb4d1c9fbdf48dec0c0ace31725"
                ]
            ],
            [
                [
                    {
                        "id": "test"
                    },
                    "params.yml:md5,4fd353560b2c3366515af2cc4d49957d"
                ]
            ]
        ],
        "timestamp": "2026-09-15T15:02:29.368701413",
        "meta": {
            "nf-test": "0.9.4",
            "nextflow": "25.10.4"
        }
    },
    "test notebook - [qmd:python]": {
        "content": [
            {
                "versions_papermill": [
                    [
                        "QUARTO_NOTEBOOK",
                        "papermill",
                        "2.6.0"
                    ]
                ],
                "versions_quarto": [
                    [
                        "QUARTO_NOTEBOOK",
                        "quarto",
                        "1.7.31"
                    ]
                ]
            },
            [
                [
                    {
                        "id": "test"
                    },
                    "artifact.txt:md5,8ddd8be4b179a529afa5f2ffae4b9858"
                ]
            ],
            [
                [
                    "QUARTO_NOTEBOOK",
                    "singularity",
                    "https://community-cr-prod.seqera.io/docker/registry/v2/blobs/sha256/28/28717ccd9ce22dbfc219f3db088d5a1fc2ca1f575b5c65621218596dcdbaac95/data"
                ]
            ],
            [
                [
                    {
                        "id": "test"
                    },
                    "versions.csv:md5,e5d7ddb4d1c9fbdf48dec0c0ace31725"
                ]
            ],
            [
                [
                    {
                        "id": "test"
                    },
                    "params.yml:md5,6d2ec3cf3e2f15958ab8ab440d651f8d"
                ]
            ]
        ],
        "timestamp": "2026-09-15T15:01:07.969193608",
        "meta": {
            "nf-test": "0.9.4",
            "nextflow": "25.10.4"
        }
    },
    "test notebook - parametrized - [qmd:r]": {
        "content": [
            {
                "versions_papermill": [
                    [
                        "QUARTO_NOTEBOOK",
                        "papermill",
                        "2.6.0"
                    ]
                ],
                "versions_quarto": [
                    [
                        "QUARTO_NOTEBOOK",
                        "quarto",
                        "1.7.31"
                    ]
                ]
            },
            [
                [
                    {
                        "id": "test"
                    },
                    "artifact.txt:md5,b10a8db164e0754105b7a99be72e3fe5"
                ]
            ],
            [
                [
                    "QUARTO_NOTEBOOK",
                    "singularity",
                    "https://community-cr-prod.seqera.io/docker/registry/v2/blobs/sha256/28/28717ccd9ce22dbfc219f3db088d5a1fc2ca1f575b5c65621218596dcdbaac95/data"
                ]
            ],
            [
                [
                    {
                        "id": "test"
                    },
                    "versions.csv:md5,d72f61e5b874e3e8d92c8a33f5a0d587"
                ]
            ],
            [
                [
                    {
                        "id": "test"
                    },
                    "params.yml:md5,4fd353560b2c3366515af2cc4d49957d"
                ]
            ]
        ],
        "timestamp": "2026-09-15T15:01:28.76675383",
        "meta": {
            "nf-test": "0.9.4",
            "nextflow": "25.10.4"
        }
    }
}
